N1 CENTRI VITI M20 FIX CASTELLO
N14 CENTRI D30H7 X BUSSOLE CENTRAGGIO PIANO H37
N21 CENTRI BUSSOLE D80H7 PIANO H227
N30 CENTRI VITI M10 FIX BUSSOLE PIANO H227
N43 PROFILI SEDI BUSSOLE PIANO H52 OP20
N106 PROFILI SEDI CHIAVETTE PIANO H142 OP20
N142 CENTRI BUSSOLE D50H7 PIANO H52 OP20
N151 CENTRI FORI D70 X SEDE CILINDRI OP20
N168 CENTRI FORI D17 X VITI M6 FIX PUNZONE PIANO H152 OP20
N177 CENTRI SEDI DISTANZIALI PIANO D52 H52 OP20
N184 CENTRI VITI A COLLETTO M12 PIANO H52 OP20
N193 CENTRI VITI M8 FIX CHIAVETTE PIANO H142 OP20
N201 CENTRI VITI M6 FIX BUSSOLE PIANO H52 OP20
N214 PROFILI SEDI BUSSOLE PIANO H52 OP30
N277 PROFILI SEDI CHIAVETTE PIANO H149 OP30
N313 CENTRI BUSSOLE D50H7 PIANO H52 OP30
N322 CENTRI FORI D70 X SEDE CILINDRI OP30
N335 CENTRI FORI D17 X VITI M6 FIX PUNZONE PIANO H159 OP30
N345 CENTRI SEDI DISTANZIALI PIANO D54 H52 OP30
N352 CENTRI VITI A COLLETTO M12 PIANO H52 OP30
N361 CENTRI VITI M8 FIX CHIAVETTE PIANO H149 OP30
N369 CENTRI VITI M6 FIX BUSSOLE PIANO H52 OP30
N396 PROFILI SEDI RIFERIMENTI LAMIERA PIANO H202 OP40
N457 CENTRI VITI M16 FIX PIASTRA PIANO H212 OP40
N468 CENTRI VITI M10 FIX RIFERIMENTI LAMIERA PIANO H202 OP40
N479 CENTRI SPINE D16H7 POS PIASTRA PIANO H212 OP40
N486 CENTRI SEDI CILINDRI X SOLLEVATORI PIANO D20 H187 OP40
N497 CENTRI FORI SCARICO D28 PIANO H212 OP40
